Copyright 1986-2019 Xilinx, Inc. All Rights Reserved.
--------------------------------------------------------------------------------------------------
| Tool Version : Vivado v.2019.2 (win64) Build 2708876 Wed Nov  6 21:40:23 MST 2019
| Date         : Sat Sep  5 21:20:11 2026
| Command      : report_timing_summary -delay_type min_max -report_unconstrained -file timing.rpt
| Design       : ees338_top
| Device       : 7a35t-csg324
| Speed File   : -1  PRODUCTION 1.23 2018-06-13
--------------------------------------------------------------------------------------------------

Timing Summary Report

------------------------------------------------------------------------------------------------
| Timer Settings
| --------------
------------------------------------------------------------------------------------------------

  Enable Multi Corner Analysis               :  Yes
  Enable Pessimism Removal                   :  Yes
  Pessimism Removal Resolution               :  Nearest Common Node
  Enable Input Delay Default Clock           :  No
  Enable Preset / Clear Arcs                 :  No
  Disable Flight Delays                      :  No
  Ignore I/O Paths                           :  No
  Timing Early Launch at Borrowing Latches   :  No
  Borrow Time for Max Delay Exceptions       :  Yes
  Merge Timing Exceptions                    :  Yes

  Corner  Analyze    Analyze    
  Name    Max Paths  Min Paths  
  ------  ---------  ---------  
  Slow    Yes        Yes        
  Fast    Yes        Yes        



check_timing report

Table of Contents
-----------------
1. checking no_clock
2. checking constant_clock
3. checking pulse_width_clock
4. checking unconstrained_internal_endpoints
5. checking no_input_delay
6. checking no_output_delay
7. checking multiple_clock
8. checking generated_clocks
9. checking loops
10. checking partial_input_delay
11. checking partial_output_delay
12. checking latch_loops

1. checking no_clock
--------------------
 There are 0 register/latch pins with no clock.


2. checking constant_clock
--------------------------
 There are 0 register/latch pins with constant_clock.


3. checking pulse_width_clock
-----------------------------
 There are 0 register/latch pins which need pulse_width check


4. checking unconstrained_internal_endpoints
--------------------------------------------
 There are 0 pins that are not constrained for maximum delay.

 There are 0 pins that are not constrained for maximum delay due to constant clock.


5. checking no_input_delay
--------------------------
 There are 0 input ports with no input delay specified.

 There are 10 input ports with no input delay but user has a false path constraint. (MEDIUM)


6. checking no_output_delay
---------------------------
 There are 0 ports with no output delay specified.

 There are 0 ports with no output delay but user has a false path constraint

 There are 0 ports with no output delay but with a timing clock defined on it or propagating through it


7. checking multiple_clock
--------------------------
 There are 0 register/latch pins with multiple clocks.


8. checking generated_clocks
----------------------------
 There are 0 generated clocks that are not connected to a clock source.


9. checking loops
-----------------
 There are 0 combinational loops in the design.


10. checking partial_input_delay
--------------------------------
 There are 0 input ports with partial input delay specified.


11. checking partial_output_delay
---------------------------------
 There are 0 ports with partial output delay specified.


12. checking latch_loops
------------------------
 There are 0 combinational latch loops in the design through latch input



------------------------------------------------------------------------------------------------
| Design Timing Summary
| ---------------------
------------------------------------------------------------------------------------------------

    WNS(ns)      TNS(ns)  TNS Failing Endpoints  TNS Total Endpoints      WHS(ns)      THS(ns)  THS Failing Endpoints  THS Total Endpoints     WPWS(ns)     TPWS(ns)  TPWS Failing Endpoints  TPWS Total Endpoints  
    -------      -------  ---------------------  -------------------      -------      -------  ---------------------  -------------------     --------     --------  ----------------------  --------------------  
      8.582        0.000                      0                10473        0.011        0.000                      0                10473        4.500        0.000                       0                  2379  


All user specified timing constraints are met.


------------------------------------------------------------------------------------------------
| Clock Summary
| -------------
------------------------------------------------------------------------------------------------

Clock      Waveform(ns)         Period(ns)      Frequency(MHz)
-----      ------------         ----------      --------------
clk100     {0.000 5.000}        10.000          100.000         
  cpu_clk  {0.000 50.000}       100.000         10.000          


------------------------------------------------------------------------------------------------
| Intra Clock Table
| -----------------
------------------------------------------------------------------------------------------------

Clock             WNS(ns)      TNS(ns)  TNS Failing Endpoints  TNS Total Endpoints      WHS(ns)      THS(ns)  THS Failing Endpoints  THS Total Endpoints     WPWS(ns)     TPWS(ns)  TPWS Failing Endpoints  TPWS Total Endpoints  
-----             -------      -------  ---------------------  -------------------      -------      -------  ---------------------  -------------------     --------     --------  ----------------------  --------------------  
clk100              8.582        0.000                      0                    4        0.295        0.000                      0                    4        4.500        0.000                       0                     5  
  cpu_clk          71.255        0.000                      0                10469        0.039        0.000                      0                10469       48.750        0.000                       0                  2374  


------------------------------------------------------------------------------------------------
| Inter Clock Table
| -----------------
------------------------------------------------------------------------------------------------

From Clock    To Clock          WNS(ns)      TNS(ns)  TNS Failing Endpoints  TNS Total Endpoints      WHS(ns)      THS(ns)  THS Failing Endpoints  THS Total Endpoints  
----------    --------          -------      -------  ---------------------  -------------------      -------      -------  ---------------------  -------------------  
cpu_clk       clk100              8.772        0.000                      0                    1        0.011        0.000                      0                    1  


------------------------------------------------------------------------------------------------
| Other Path Groups Table
| -----------------------
------------------------------------------------------------------------------------------------

Path Group    From Clock    To Clock          WNS(ns)      TNS(ns)  TNS Failing Endpoints  TNS Total Endpoints      WHS(ns)      THS(ns)  THS Failing Endpoints  THS Total Endpoints  
----------    ----------    --------          -------      -------  ---------------------  -------------------      -------      -------  ---------------------  -------------------  


------------------------------------------------------------------------------------------------
| User Ignored Path Table
| -----------------------
------------------------------------------------------------------------------------------------

Path Group    From Clock    To Clock    
----------    ----------    --------    
(none)                      cpu_clk       


------------------------------------------------------------------------------------------------
| Unconstrained Path Table
| ------------------------
------------------------------------------------------------------------------------------------

Path Group    From Clock    To Clock    
----------    ----------    --------    


------------------------------------------------------------------------------------------------
| Timing Details
| --------------
------------------------------------------------------------------------------------------------


---------------------------------------------------------------------------------------------------
From Clock:  clk100
  To Clock:  clk100

Setup :            0  Failing Endpoints,  Worst Slack        8.582ns,  Total Violation        0.000ns
Hold  :            0  Failing Endpoints,  Worst Slack        0.295ns,  Total Violation        0.000ns
PW    :            0  Failing Endpoints,  Worst Slack        4.500ns,  Total Violation        0.000ns
---------------------------------------------------------------------------------------------------


Max Delay Paths
--------------------------------------------------------------------------------------
Slack (MET) :             8.582ns  (required time - arrival time)
  Source:                 divider_reg[1]/C
                            (rising edge-triggered cell FDRE clocked by clk100  {rise@0.000ns fall@5.000ns period=10.000ns})
  Destination:            divided_clock_reg/D
                            (rising edge-triggered cell FDRE clocked by clk100  {rise@0.000ns fall@5.000ns period=10.000ns})
  Path Group:             clk100
  Path Type:              Setup (Max at Slow Process Corner)
  Requirement:            10.000ns  (clk100 rise@10.000ns - clk100 rise@0.000ns)
  Data Path Delay:        1.412ns  (logic 0.715ns (50.643%)  route 0.697ns (49.357%))
  Logic Levels:           1  (LUT4=1)
  Clock Path Skew:        0.000ns (DCD - SCD + CPR)
    Destination Clock Delay (DCD):    4.814ns = ( 14.814 - 10.000 ) 
    Source Clock Delay      (SCD):    5.114ns
    Clock Pessimism Removal (CPR):    0.300ns
  Clock Uncertainty:      0.035ns  ((TSJ^2 + TIJ^2)^1/2 + DJ) / 2 + PE
    Total System Jitter     (TSJ):    0.071ns
    Total Input Jitter      (TIJ):    0.000ns
    Discrete Jitter          (DJ):    0.000ns
    Phase Error              (PE):    0.000ns

    Location             Delay type                Incr(ns)  Path(ns)    Netlist Resource(s)
  -------------------------------------------------------------------    -------------------
                         (clock clk100 rise edge)     0.000     0.000 r  
    T5                                                0.000     0.000 r  clk100 (IN)
                         net (fo=0)                   0.000     0.000    clk100
    T5                   IBUF (Prop_ibuf_I_O)         1.486     1.486 r  clk100_IBUF_inst/O
                         net (fo=1, routed)           1.967     3.452    clk100_IBUF
    BUFGCTRL_X0Y1        BUFG (Prop_bufg_I_O)         0.096     3.548 r  clk100_IBUF_BUFG_inst/O
                         net (fo=4, routed)           1.565     5.114    clk100_IBUF_BUFG
    SLICE_X36Y46         FDRE                                         r  divider_reg[1]/C
  -------------------------------------------------------------------    -------------------
    SLICE_X36Y46         FDRE (Prop_fdre_C_Q)         0.419     5.533 r  divider_reg[1]/Q
                         net (fo=4, routed)           0.697     6.230    divider[1]
    SLICE_X36Y46         LUT4 (Prop_lut4_I0_O)        0.296     6.526 r  divided_clock_i_1/O
                         net (fo=1, routed)           0.000     6.526    divided_clock_i_1_n_0
    SLICE_X36Y46         FDRE                                         r  divided_clock_reg/D
  -------------------------------------------------------------------    -------------------

                         (clock clk100 rise edge)    10.000    10.000 r  
    T5                                                0.000    10.000 r  clk100 (IN)
                         net (fo=0)                   0.000    10.000    clk100
    T5                   IBUF (Prop_ibuf_I_O)         1.415    11.415 r  clk100_IBUF_inst/O
                         net (fo=1, routed)           1.862    13.277    clk100_IBUF
    BUFGCTRL_X0Y1        BUFG (Prop_bufg_I_O)         0.091    13.368 r  clk100_IBUF_BUFG_inst/O
                         net (fo=4, routed)           1.445    14.814    clk100_IBUF_BUFG
    SLICE_X36Y46         FDRE                                         r  divided_clock_reg/C
                         clock pessimism              0.300    15.114    
                         clock uncertainty           -0.035    15.078    
    SLICE_X36Y46         FDRE (Setup_fdre_C_D)        0.029    15.107    divided_clock_reg
  -------------------------------------------------------------------
                         required time                         15.107    
                         arrival time                          -6.526    
  -------------------------------------------------------------------
                         slack                                  8.582    





Min Delay Paths
--------------------------------------------------------------------------------------
Slack (MET) :             0.295ns  (arrival time - required time)
  Source:                 divider_reg[2]/C
                            (rising edge-triggered cell FDRE clocked by clk100  {rise@0.000ns fall@5.000ns period=10.000ns})
  Destination:            divider_reg[2]/D
                            (rising edge-triggered cell FDRE clocked by clk100  {rise@0.000ns fall@5.000ns period=10.000ns})
  Path Group:             clk100
  Path Type:              Hold (Min at Fast Process Corner)
  Requirement:            0.000ns  (clk100 rise@0.000ns - clk100 rise@0.000ns)
  Data Path Delay:        0.402ns  (logic 0.230ns (57.233%)  route 0.172ns (42.767%))
  Logic Levels:           1  (LUT3=1)
  Clock Path Skew:        0.000ns (DCD - SCD - CPR)
    Destination Clock Delay (DCD):    1.987ns
    Source Clock Delay      (SCD):    1.473ns
    Clock Pessimism Removal (CPR):    0.514ns

    Location             Delay type                Incr(ns)  Path(ns)    Netlist Resource(s)
  -------------------------------------------------------------------    -------------------
                         (clock clk100 rise edge)     0.000     0.000 r  
    T5                                                0.000     0.000 r  clk100 (IN)
                         net (fo=0)                   0.000     0.000    clk100
    T5                   IBUF (Prop_ibuf_I_O)         0.254     0.254 r  clk100_IBUF_inst/O
                         net (fo=1, routed)           0.631     0.885    clk100_IBUF
    BUFGCTRL_X0Y1        BUFG (Prop_bufg_I_O)         0.026     0.911 r  clk100_IBUF_BUFG_inst/O
                         net (fo=4, routed)           0.563     1.473    clk100_IBUF_BUFG
    SLICE_X36Y46         FDRE                                         r  divider_reg[2]/C
  -------------------------------------------------------------------    -------------------
    SLICE_X36Y46         FDRE (Prop_fdre_C_Q)         0.128     1.601 r  divider_reg[2]/Q
                         net (fo=3, routed)           0.172     1.773    divider[2]
    SLICE_X36Y46         LUT3 (Prop_lut3_I1_O)        0.102     1.875 r  divider[2]_i_1/O
                         net (fo=1, routed)           0.000     1.875    divider[2]_i_1_n_0
    SLICE_X36Y46         FDRE                                         r  divider_reg[2]/D
  -------------------------------------------------------------------    -------------------

                         (clock clk100 rise edge)     0.000     0.000 r  
    T5                                                0.000     0.000 r  clk100 (IN)
                         net (fo=0)                   0.000     0.000    clk100
    T5                   IBUF (Prop_ibuf_I_O)         0.442     0.442 r  clk100_IBUF_inst/O
                         net (fo=1, routed)           0.685     1.126    clk100_IBUF
    BUFGCTRL_X0Y1        BUFG (Prop_bufg_I_O)         0.029     1.155 r  clk100_IBUF_BUFG_inst/O
                         net (fo=4, routed)           0.832     1.987    clk100_IBUF_BUFG
    SLICE_X36Y46         FDRE                                         r  divider_reg[2]/C
                         clock pessimism             -0.514     1.473    
    SLICE_X36Y46         FDRE (Hold_fdre_C_D)         0.107     1.580    divider_reg[2]
  -------------------------------------------------------------------
                         required time                         -1.580    
                         arrival time                           1.875    
  -------------------------------------------------------------------
                         slack                                  0.295    





Pulse Width Checks
--------------------------------------------------------------------------------------
Clock Name:         clk100
Waveform(ns):       { 0.000 5.000 }
Period(ns):         10.000
Sources:            { clk100 }

Check Type        Corner  Lib Pin  Reference Pin  Required(ns)  Actual(ns)  Slack(ns)  Location       Pin
Min Period        n/a     BUFG/I   n/a            2.155         10.000      7.845      BUFGCTRL_X0Y1  clk100_IBUF_BUFG_inst/I
Low Pulse Width   Fast    FDRE/C   n/a            0.500         5.000       4.500      SLICE_X36Y46   divided_clock_reg/C
High Pulse Width  Slow    FDRE/C   n/a            0.500         5.000       4.500      SLICE_X36Y46   divided_clock_reg/C



---------------------------------------------------------------------------------------------------
From Clock:  cpu_clk
  To Clock:  cpu_clk

Setup :            0  Failing Endpoints,  Worst Slack       71.255ns,  Total Violation        0.000ns
Hold  :            0  Failing Endpoints,  Worst Slack        0.039ns,  Total Violation        0.000ns
PW    :            0  Failing Endpoints,  Worst Slack       48.750ns,  Total Violation        0.000ns
---------------------------------------------------------------------------------------------------


Max Delay Paths
--------------------------------------------------------------------------------------
Slack (MET) :             71.255ns  (required time - arrival time)
  Source:                 soc/cpu/pc_reg[21]/C
                            (rising edge-triggered cell FDRE clocked by cpu_clk  {rise@0.000ns fall@50.000ns period=100.000ns})
  Destination:            soc/cpu/regs_reg[8][7]/D
                            (rising edge-triggered cell FDRE clocked by cpu_clk  {rise@0.000ns fall@50.000ns period=100.000ns})
  Path Group:             cpu_clk
  Path Type:              Setup (Max at Slow Process Corner)
  Requirement:            100.000ns  (cpu_clk rise@100.000ns - cpu_clk rise@0.000ns)
  Data Path Delay:        28.608ns  (logic 5.701ns (19.926%)  route 22.908ns (80.074%))
  Logic Levels:           18  (CARRY4=2 LUT2=2 LUT3=2 LUT4=1 LUT5=1 LUT6=6 MUXF7=2 MUXF8=1 RAMS64E=1)
  Clock Path Skew:        -0.020ns (DCD - SCD + CPR)
    Destination Clock Delay (DCD):    7.360ns = ( 107.360 - 100.000 ) 
    Source Clock Delay      (SCD):    7.934ns
    Clock Pessimism Removal (CPR):    0.554ns
  Clock Uncertainty:      0.035ns  ((TSJ^2 + TIJ^2)^1/2 + DJ) / 2 + PE
    Total System Jitter     (TSJ):    0.071ns
    Total Input Jitter      (TIJ):    0.000ns
    Discrete Jitter          (DJ):    0.000ns
    Phase Error              (PE):    0.000ns

    Location             Delay type                Incr(ns)  Path(ns)    Netlist Resource(s)
  -------------------------------------------------------------------    -------------------
                         (clock cpu_clk rise edge)    0.000     0.000 r  
    T5                                                0.000     0.000 r  clk100 (IN)
                         net (fo=0)                   0.000     0.000    clk100
    T5                   IBUF (Prop_ibuf_I_O)         1.486     1.486 r  clk100_IBUF_inst/O
                         net (fo=1, routed)           1.967     3.452    clk100_IBUF
    BUFGCTRL_X0Y1        BUFG (Prop_bufg_I_O)         0.096     3.548 r  clk100_IBUF_BUFG_inst/O
                         net (fo=4, routed)           1.565     5.114    clk100_IBUF_BUFG
    SLICE_X36Y46         FDRE (Prop_fdre_C_Q)         0.456     5.570 r  divided_clock_reg/Q
                         net (fo=2, routed)           0.736     6.305    divided_clock
    BUFGCTRL_X0Y0        BUFG (Prop_bufg_I_O)         0.096     6.401 r  clock_buffer/O
                         net (fo=2373, routed)        1.533     7.934    soc/cpu/clk
    SLICE_X38Y74         FDRE                                         r  soc/cpu/pc_reg[21]/C
  -------------------------------------------------------------------    -------------------
    SLICE_X38Y74         FDRE (Prop_fdre_C_Q)         0.518     8.452 r  soc/cpu/pc_reg[21]/Q
                         net (fo=5, routed)           2.140    10.593    soc/cpu_n_43
    SLICE_X49Y75         LUT4 (Prop_lut4_I0_O)        0.124    10.717 r  soc/delay_pending_i_18/O
                         net (fo=1, routed)           0.797    11.514    soc/delay_pending_i_18_n_0
    SLICE_X49Y76         LUT5 (Prop_lut5_I3_O)        0.124    11.638 r  soc/delay_pending_i_8/O
                         net (fo=155, routed)         2.742    14.380    soc/instruction[30]
    SLICE_X41Y66         LUT2 (Prop_lut2_I0_O)        0.152    14.532 r  soc/delay_target[27]_i_6/O
                         net (fo=98, routed)          2.014    16.545    soc/cpu/delay_target_reg[27]_0
    SLICE_X31Y76         LUT6 (Prop_lut6_I4_O)        0.326    16.871 r  soc/cpu/delay_target[0]_i_15/O
                         net (fo=1, routed)           0.000    16.871    soc/cpu/delay_target[0]_i_15_n_0
    SLICE_X31Y76         MUXF7 (Prop_muxf7_I1_O)      0.217    17.088 r  soc/cpu/delay_target_reg[0]_i_8/O
                         net (fo=1, routed)           0.844    17.932    soc/cpu/delay_target_reg[0]_i_8_n_0
    SLICE_X30Y74         LUT6 (Prop_lut6_I1_O)        0.299    18.231 r  soc/cpu/delay_target[0]_i_4/O
                         net (fo=63, routed)          2.662    20.892    soc/cpu/regs[1][0]_i_52_n_0
    SLICE_X44Y68         LUT2 (Prop_lut2_I0_O)        0.124    21.016 r  soc/cpu/ram0_reg_0_255_0_0_i_28/O
                         net (fo=1, routed)           0.000    21.016    soc/cpu/ram0_reg_0_255_0_0_i_28_n_0
    SLICE_X44Y68         CARRY4 (Prop_carry4_S[0]_CO[3])
                                                      0.532    21.548 r  soc/cpu/ram0_reg_0_255_0_0_i_4/CO[3]
                         net (fo=1, routed)           0.000    21.548    soc/cpu/ram0_reg_0_255_0_0_i_4_n_0
    SLICE_X44Y69         CARRY4 (Prop_carry4_CI_O[0])
                                                      0.222    21.770 r  soc/cpu/ram0_reg_0_255_0_0_i_3/O[0]
                         net (fo=558, routed)         3.840    25.611    soc/ram0_reg_512_767_7_7/A2
    SLICE_X52Y59         RAMS64E (Prop_rams64e_ADR2_O)
                                                      1.822    27.432 r  soc/ram0_reg_512_767_7_7/RAMS64E_A/O
                         net (fo=1, routed)           0.000    27.432    soc/ram0_reg_512_767_7_7/OA
    SLICE_X52Y59         MUXF7 (Prop_muxf7_I1_O)      0.214    27.646 r  soc/ram0_reg_512_767_7_7/F7.A/O
                         net (fo=1, routed)           0.000    27.646    soc/ram0_reg_512_767_7_7/O1
    SLICE_X52Y59         MUXF8 (Prop_muxf8_I1_O)      0.088    27.734 r  soc/ram0_reg_512_767_7_7/F8/O
                         net (fo=1, routed)           0.718    28.453    soc/cpu/regs[1][7]_i_19_1
    SLICE_X53Y59         LUT6 (Prop_lut6_I1_O)        0.319    28.772 r  soc/cpu/regs[1][7]_i_24/O
                         net (fo=1, routed)           1.146    29.917    soc/cpu/dr1[7]
    SLICE_X53Y70         LUT6 (Prop_lut6_I3_O)        0.124    30.041 r  soc/cpu/regs[1][7]_i_19/O
                         net (fo=2, routed)           0.727    30.768    soc/cpu/dr[7]
    SLICE_X48Y72         LUT6 (Prop_lut6_I5_O)        0.124    30.892 r  soc/cpu/regs[1][31]_i_44/O
                         net (fo=3, routed)           1.342    32.235    soc/cpu/regs[1][31]_i_44_n_0
    SLICE_X41Y68         LUT3 (Prop_lut3_I2_O)        0.124    32.359 r  soc/cpu/regs[1][14]_i_10/O
                         net (fo=8, routed)           1.176    33.535    soc/cpu/regs[1][14]_i_10_n_0
    SLICE_X35Y72         LUT3 (Prop_lut3_I0_O)        0.124    33.659 r  soc/cpu/regs[1][7]_i_3/O
                         net (fo=1, routed)           0.706    34.365    soc/cpu/regs[1][7]_i_3_n_0
    SLICE_X34Y72         LUT6 (Prop_lut6_I2_O)        0.124    34.489 r  soc/cpu/regs[1][7]_i_1/O
                         net (fo=31, routed)          2.054    36.543    soc/cpu/regs[1][7]_i_1_n_0
    SLICE_X47Y61         FDRE                                         r  soc/cpu/regs_reg[8][7]/D
  -------------------------------------------------------------------    -------------------

                         (clock cpu_clk rise edge)  100.000   100.000 r  
    T5                                                0.000   100.000 r  clk100 (IN)
                         net (fo=0)                   0.000   100.000    clk100
    T5                   IBUF (Prop_ibuf_I_O)         1.415   101.415 r  clk100_IBUF_inst/O
                         net (fo=1, routed)           1.862   103.277    clk100_IBUF
    BUFGCTRL_X0Y1        BUFG (Prop_bufg_I_O)         0.091   103.368 r  clk100_IBUF_BUFG_inst/O
                         net (fo=4, routed)           1.445   104.814    clk100_IBUF_BUFG
    SLICE_X36Y46         FDRE (Prop_fdre_C_Q)         0.367   105.181 r  divided_clock_reg/Q
                         net (fo=2, routed)           0.654   105.834    divided_clock
    BUFGCTRL_X0Y0        BUFG (Prop_bufg_I_O)         0.091   105.925 r  clock_buffer/O
                         net (fo=2373, routed)        1.435   107.360    soc/cpu/clk
    SLICE_X47Y61         FDRE                                         r  soc/cpu/regs_reg[8][7]/C
                         clock pessimism              0.554   107.914    
                         clock uncertainty           -0.035   107.879    
    SLICE_X47Y61         FDRE (Setup_fdre_C_D)       -0.081   107.798    soc/cpu/regs_reg[8][7]
  -------------------------------------------------------------------
                         required time                        107.798    
                         arrival time                         -36.543    
  -------------------------------------------------------------------
                         slack                                 71.255    





Min Delay Paths
--------------------------------------------------------------------------------------
Slack (MET) :             0.039ns  (arrival time - required time)
  Source:                 soc/cpu/delay_target_reg[11]/C
                            (rising edge-triggered cell FDRE clocked by cpu_clk  {rise@0.000ns fall@50.000ns period=100.000ns})
  Destination:            soc/cpu/pc_reg[11]/D
                            (rising edge-triggered cell FDRE clocked by cpu_clk  {rise@0.000ns fall@50.000ns period=100.000ns})
  Path Group:             cpu_clk
  Path Type:              Hold (Min at Fast Process Corner)
  Requirement:            0.000ns  (cpu_clk rise@0.000ns - cpu_clk rise@0.000ns)
  Data Path Delay:        0.436ns  (logic 0.274ns (62.803%)  route 0.162ns (37.197%))
  Logic Levels:           2  (CARRY4=1 LUT3=1)
  Clock Path Skew:        0.263ns (DCD - SCD - CPR)
    Destination Clock Delay (DCD):    3.323ns
    Source Clock Delay      (SCD):    2.472ns
    Clock Pessimism Removal (CPR):    0.589ns

    Location             Delay type                Incr(ns)  Path(ns)    Netlist Resource(s)
  -------------------------------------------------------------------    -------------------
                         (clock cpu_clk rise edge)    0.000     0.000 r  
    T5                                                0.000     0.000 r  clk100 (IN)
                         net (fo=0)                   0.000     0.000    clk100
    T5                   IBUF (Prop_ibuf_I_O)         0.254     0.254 r  clk100_IBUF_inst/O
                         net (fo=1, routed)           0.631     0.885    clk100_IBUF
    BUFGCTRL_X0Y1        BUFG (Prop_bufg_I_O)         0.026     0.911 r  clk100_IBUF_BUFG_inst/O
                         net (fo=4, routed)           0.563     1.473    clk100_IBUF_BUFG
    SLICE_X36Y46         FDRE (Prop_fdre_C_Q)         0.141     1.614 r  divided_clock_reg/Q
                         net (fo=2, routed)           0.282     1.896    divided_clock
    BUFGCTRL_X0Y0        BUFG (Prop_bufg_I_O)         0.026     1.922 r  clock_buffer/O
                         net (fo=2373, routed)        0.550     2.472    soc/cpu/clk
    SLICE_X34Y71         FDRE                                         r  soc/cpu/delay_target_reg[11]/C
  -------------------------------------------------------------------    -------------------
    SLICE_X34Y71         FDRE (Prop_fdre_C_Q)         0.164     2.636 r  soc/cpu/delay_target_reg[11]/Q
                         net (fo=1, routed)           0.162     2.798    soc/cpu/delay_target[11]
    SLICE_X38Y71         LUT3 (Prop_lut3_I0_O)        0.045     2.843 r  soc/cpu/pc[9]_i_3/O
                         net (fo=1, routed)           0.000     2.843    soc/cpu/pc[9]_i_3_n_0
    SLICE_X38Y71         CARRY4 (Prop_carry4_S[2]_O[2])
                                                      0.065     2.908 r  soc/cpu/pc_reg[9]_i_1/O[2]
                         net (fo=1, routed)           0.000     2.908    soc/cpu/pc_reg[9]_i_1_n_5
    SLICE_X38Y71         FDRE                                         r  soc/cpu/pc_reg[11]/D
  -------------------------------------------------------------------    -------------------

                         (clock cpu_clk rise edge)    0.000     0.000 r  
    T5                                                0.000     0.000 r  clk100 (IN)
                         net (fo=0)                   0.000     0.000    clk100
    T5                   IBUF (Prop_ibuf_I_O)         0.442     0.442 r  clk100_IBUF_inst/O
                         net (fo=1, routed)           0.685     1.126    clk100_IBUF
    BUFGCTRL_X0Y1        BUFG (Prop_bufg_I_O)         0.029     1.155 r  clk100_IBUF_BUFG_inst/O
                         net (fo=4, routed)           0.832     1.987    clk100_IBUF_BUFG
    SLICE_X36Y46         FDRE (Prop_fdre_C_Q)         0.175     2.162 r  divided_clock_reg/Q
                         net (fo=2, routed)           0.315     2.476    divided_clock
    BUFGCTRL_X0Y0        BUFG (Prop_bufg_I_O)         0.029     2.505 r  clock_buffer/O
                         net (fo=2373, routed)        0.817     3.323    soc/cpu/clk
    SLICE_X38Y71         FDRE                                         r  soc/cpu/pc_reg[11]/C
                         clock pessimism             -0.589     2.734    
    SLICE_X38Y71         FDRE (Hold_fdre_C_D)         0.134     2.868    soc/cpu/pc_reg[11]
  -------------------------------------------------------------------
                         required time                         -2.868    
                         arrival time                           2.908    
  -------------------------------------------------------------------
                         slack                                  0.039    





Pulse Width Checks
--------------------------------------------------------------------------------------
Clock Name:         cpu_clk
Waveform(ns):       { 0.000 50.000 }
Period(ns):         100.000
Sources:            { divided_clock_reg/Q }

Check Type        Corner  Lib Pin      Reference Pin  Required(ns)  Actual(ns)  Slack(ns)  Location       Pin
Min Period        n/a     BUFG/I       n/a            2.155         100.000     97.845     BUFGCTRL_X0Y0  clock_buffer/I
Low Pulse Width   Fast    RAMS64E/CLK  n/a            1.250         50.000      48.750     SLICE_X54Y60   soc/ram0_reg_512_767_2_2/RAMS64E_D/CLK
High Pulse Width  Slow    RAMS64E/CLK  n/a            1.250         50.000      48.750     SLICE_X56Y56   soc/ram0_reg_0_255_1_1/RAMS64E_A/CLK



---------------------------------------------------------------------------------------------------
From Clock:  cpu_clk
  To Clock:  clk100

Setup :            0  Failing Endpoints,  Worst Slack        8.772ns,  Total Violation        0.000ns
Hold  :            0  Failing Endpoints,  Worst Slack        0.011ns,  Total Violation        0.000ns
---------------------------------------------------------------------------------------------------


Max Delay Paths
--------------------------------------------------------------------------------------
Slack (MET) :             8.772ns  (required time - arrival time)
  Source:                 divided_clock_reg/Q
                            (clock source 'cpu_clk'  {rise@0.000ns fall@50.000ns period=100.000ns})
  Destination:            divided_clock_reg/D
                            (rising edge-triggered cell FDRE clocked by clk100  {rise@0.000ns fall@5.000ns period=10.000ns})
  Path Group:             clk100
  Path Type:              Setup (Max at Slow Process Corner)
  Requirement:            10.000ns  (clk100 rise@60.000ns - cpu_clk fall@50.000ns)
  Data Path Delay:        0.646ns  (logic 0.124ns (19.201%)  route 0.522ns (80.799%))
  Logic Levels:           1  (LUT4=1)
  Clock Path Skew:        -0.576ns (DCD - SCD + CPR)
    Destination Clock Delay (DCD):    4.814ns = ( 64.814 - 60.000 ) 
    Source Clock Delay      (SCD):    5.570ns = ( 55.570 - 50.000 ) 
    Clock Pessimism Removal (CPR):    0.180ns
  Clock Uncertainty:      0.035ns  ((TSJ^2 + TIJ^2)^1/2 + DJ) / 2 + PE
    Total System Jitter     (TSJ):    0.071ns
    Total Input Jitter      (TIJ):    0.000ns
    Discrete Jitter          (DJ):    0.000ns
    Phase Error              (PE):    0.000ns

    Location             Delay type                Incr(ns)  Path(ns)    Netlist Resource(s)
  -------------------------------------------------------------------    -------------------
                         (clock cpu_clk fall edge)   50.000    50.000 f  
    T5                                                0.000    50.000 r  clk100 (IN)
                         net (fo=0)                   0.000    50.000    clk100
    T5                   IBUF (Prop_ibuf_I_O)         1.486    51.486 r  clk100_IBUF_inst/O
                         net (fo=1, routed)           1.967    53.452    clk100_IBUF
    BUFGCTRL_X0Y1        BUFG (Prop_bufg_I_O)         0.096    53.548 r  clk100_IBUF_BUFG_inst/O
                         net (fo=4, routed)           1.565    55.114    clk100_IBUF_BUFG
  -------------------------------------------------------------------    -------------------
    SLICE_X36Y46         FDRE (Prop_fdre_C_Q)         0.456    55.570 f  divided_clock_reg/Q
                         net (fo=2, routed)           0.522    56.092    divided_clock
    SLICE_X36Y46         LUT4 (Prop_lut4_I3_O)        0.124    56.216 r  divided_clock_i_1/O
                         net (fo=1, routed)           0.000    56.216    divided_clock_i_1_n_0
    SLICE_X36Y46         FDRE                                         r  divided_clock_reg/D
  -------------------------------------------------------------------    -------------------

                         (clock clk100 rise edge)    60.000    60.000 r  
    T5                                                0.000    60.000 r  clk100 (IN)
                         net (fo=0)                   0.000    60.000    clk100
    T5                   IBUF (Prop_ibuf_I_O)         1.415    61.415 r  clk100_IBUF_inst/O
                         net (fo=1, routed)           1.862    63.277    clk100_IBUF
    BUFGCTRL_X0Y1        BUFG (Prop_bufg_I_O)         0.091    63.368 r  clk100_IBUF_BUFG_inst/O
                         net (fo=4, routed)           1.445    64.814    clk100_IBUF_BUFG
    SLICE_X36Y46         FDRE                                         r  divided_clock_reg/C
                         clock pessimism              0.180    64.994    
                         clock uncertainty           -0.035    64.958    
    SLICE_X36Y46         FDRE (Setup_fdre_C_D)        0.029    64.987    divided_clock_reg
  -------------------------------------------------------------------
                         required time                         64.987    
                         arrival time                         -56.216    
  -------------------------------------------------------------------
                         slack                                  8.772    





Min Delay Paths
--------------------------------------------------------------------------------------
Slack (MET) :             0.011ns  (arrival time - required time)
  Source:                 divided_clock_reg/Q
                            (clock source 'cpu_clk'  {rise@0.000ns fall@50.000ns period=100.000ns})
  Destination:            divided_clock_reg/D
                            (rising edge-triggered cell FDRE clocked by clk100  {rise@0.000ns fall@5.000ns period=10.000ns})
  Path Group:             clk100
  Path Type:              Hold (Min at Fast Process Corner)
  Requirement:            0.000ns  (clk100 rise@0.000ns - cpu_clk rise@0.000ns)
  Data Path Delay:        0.230ns  (logic 0.045ns (19.583%)  route 0.185ns (80.417%))
  Logic Levels:           1  (LUT4=1)
  Clock Path Skew:        0.128ns (DCD - SCD - CPR)
    Destination Clock Delay (DCD):    1.987ns
    Source Clock Delay      (SCD):    1.614ns
    Clock Pessimism Removal (CPR):    0.245ns

    Location             Delay type                Incr(ns)  Path(ns)    Netlist Resource(s)
  -------------------------------------------------------------------    -------------------
                         (clock cpu_clk rise edge)    0.000     0.000 r  
    T5                                                0.000     0.000 r  clk100 (IN)
                         net (fo=0)                   0.000     0.000    clk100
    T5                   IBUF (Prop_ibuf_I_O)         0.254     0.254 r  clk100_IBUF_inst/O
                         net (fo=1, routed)           0.631     0.885    clk100_IBUF
    BUFGCTRL_X0Y1        BUFG (Prop_bufg_I_O)         0.026     0.911 r  clk100_IBUF_BUFG_inst/O
                         net (fo=4, routed)           0.563     1.473    clk100_IBUF_BUFG
  -------------------------------------------------------------------    -------------------
    SLICE_X36Y46         FDRE (Prop_fdre_C_Q)         0.141     1.614 r  divided_clock_reg/Q
                         net (fo=2, routed)           0.185     1.799    divided_clock
    SLICE_X36Y46         LUT4 (Prop_lut4_I3_O)        0.045     1.844 r  divided_clock_i_1/O
                         net (fo=1, routed)           0.000     1.844    divided_clock_i_1_n_0
    SLICE_X36Y46         FDRE                                         r  divided_clock_reg/D
  -------------------------------------------------------------------    -------------------

                         (clock clk100 rise edge)     0.000     0.000 r  
    T5                                                0.000     0.000 r  clk100 (IN)
                         net (fo=0)                   0.000     0.000    clk100
    T5                   IBUF (Prop_ibuf_I_O)         0.442     0.442 r  clk100_IBUF_inst/O
                         net (fo=1, routed)           0.685     1.126    clk100_IBUF
    BUFGCTRL_X0Y1        BUFG (Prop_bufg_I_O)         0.029     1.155 r  clk100_IBUF_BUFG_inst/O
                         net (fo=4, routed)           0.832     1.987    clk100_IBUF_BUFG
    SLICE_X36Y46         FDRE                                         r  divided_clock_reg/C
                         clock pessimism             -0.245     1.742    
    SLICE_X36Y46         FDRE (Hold_fdre_C_D)         0.091     1.833    divided_clock_reg
  -------------------------------------------------------------------
                         required time                         -1.833    
                         arrival time                           1.844    
  -------------------------------------------------------------------
                         slack                                  0.011    





--------------------------------------------------------------------------------------
Path Group:  (none)
From Clock:  
  To Clock:  cpu_clk

Max Delay            12 Endpoints
Min Delay            12 Endpoints
--------------------------------------------------------------------------------------


Max Delay Paths
--------------------------------------------------------------------------------------
Slack:                    inf
  Source:                 reset_n
                            (input port)
  Destination:            reset_sync_reg[0]/CLR
                            (recovery check against rising-edge clock cpu_clk  {rise@0.000ns fall@50.000ns period=100.000ns})
  Path Group:             (none)
  Path Type:              Recovery (Max at Slow Process Corner)
  Data Path Delay:        5.822ns  (logic 1.587ns (27.257%)  route 4.235ns (72.743%))
  Logic Levels:           2  (IBUF=1 LUT1=1)
  Clock Path Skew:        7.434ns (DCD - SCD + CPR)
    Destination Clock Delay (DCD):    7.434ns
    Source Clock Delay      (SCD):    0.000ns
    Clock Pessimism Removal (CPR):    0.000ns
  Timing Exception:       False Path

    Location             Delay type                Incr(ns)  Path(ns)    Netlist Resource(s)
  -------------------------------------------------------------------    -------------------
    P15                                               0.000     0.000 r  reset_n (IN)
                         net (fo=0)                   0.000     0.000    reset_n
    P15                  IBUF (Prop_ibuf_I_O)         1.463     1.463 r  reset_n_IBUF_inst/O
                         net (fo=1, routed)           3.704     5.167    reset_n_IBUF
    SLICE_X58Y52         LUT1 (Prop_lut1_I0_O)        0.124     5.291 f  reset_sync[2]_i_1/O
                         net (fo=3, routed)           0.532     5.822    reset_sync[2]_i_1_n_0
    SLICE_X58Y52         FDCE                                         f  reset_sync_reg[0]/CLR
  -------------------------------------------------------------------    -------------------

                         (clock cpu_clk rise edge)    0.000     0.000 r  
    T5                                                0.000     0.000 r  clk100 (IN)
                         net (fo=0)                   0.000     0.000    clk100
    T5                   IBUF (Prop_ibuf_I_O)         1.415     1.415 r  clk100_IBUF_inst/O
                         net (fo=1, routed)           1.862     3.277    clk100_IBUF
    BUFGCTRL_X0Y1        BUFG (Prop_bufg_I_O)         0.091     3.368 r  clk100_IBUF_BUFG_inst/O
                         net (fo=4, routed)           1.445     4.814    clk100_IBUF_BUFG
    SLICE_X36Y46         FDRE (Prop_fdre_C_Q)         0.367     5.181 r  divided_clock_reg/Q
                         net (fo=2, routed)           0.654     5.834    divided_clock
    BUFGCTRL_X0Y0        BUFG (Prop_bufg_I_O)         0.091     5.925 r  clock_buffer/O
                         net (fo=2373, routed)        1.509     7.434    clk
    SLICE_X58Y52         FDCE                                         r  reset_sync_reg[0]/C





Min Delay Paths
--------------------------------------------------------------------------------------
Slack:                    inf
  Source:                 switches[2]
                            (input port)
  Destination:            switch_meta_reg[2]/D
                            (rising edge-triggered cell FDRE clocked by cpu_clk  {rise@0.000ns fall@50.000ns period=100.000ns})
  Path Group:             (none)
  Path Type:              Hold (Min at Fast Process Corner)
  Data Path Delay:        0.956ns  (logic 0.226ns (23.605%)  route 0.730ns (76.395%))
  Logic Levels:           1  (IBUF=1)
  Clock Path Skew:        3.362ns (DCD - SCD - CPR)
    Destination Clock Delay (DCD):    3.362ns
    Source Clock Delay      (SCD):    0.000ns
    Clock Pessimism Removal (CPR):    -0.000ns
  Timing Exception:       False Path

    Location             Delay type                Incr(ns)  Path(ns)    Netlist Resource(s)
  -------------------------------------------------------------------    -------------------
    M4                                                0.000     0.000 r  switches[2] (IN)
                         net (fo=0)                   0.000     0.000    switches[2]
    M4                   IBUF (Prop_ibuf_I_O)         0.226     0.226 r  switches_IBUF[2]_inst/O
                         net (fo=1, routed)           0.730     0.956    switches_IBUF[2]
    SLICE_X65Y66         FDRE                                         r  switch_meta_reg[2]/D
  -------------------------------------------------------------------    -------------------

                         (clock cpu_clk rise edge)    0.000     0.000 r  
    T5                                                0.000     0.000 r  clk100 (IN)
                         net (fo=0)                   0.000     0.000    clk100
    T5                   IBUF (Prop_ibuf_I_O)         0.442     0.442 r  clk100_IBUF_inst/O
                         net (fo=1, routed)           0.685     1.126    clk100_IBUF
    BUFGCTRL_X0Y1        BUFG (Prop_bufg_I_O)         0.029     1.155 r  clk100_IBUF_BUFG_inst/O
                         net (fo=4, routed)           0.832     1.987    clk100_IBUF_BUFG
    SLICE_X36Y46         FDRE (Prop_fdre_C_Q)         0.175     2.162 r  divided_clock_reg/Q
                         net (fo=2, routed)           0.315     2.476    divided_clock
    BUFGCTRL_X0Y0        BUFG (Prop_bufg_I_O)         0.029     2.505 r  clock_buffer/O
                         net (fo=2373, routed)        0.856     3.362    clk
    SLICE_X65Y66         FDRE                                         r  switch_meta_reg[2]/C





